---------------------------------------------------------------------------------
      name:  <unnamed>
       log:  /Users/arushikaushik/Desktop/Teaching/Poli:Econ5/2020/Week5/Class9/D
> ata/Kaushik_Arushi_class10.txt
  log type:  text
 opened on:  18 Apr 2020, 11:05:06

. 
end of do-file

. do "/var/folders/f3/lm60hfk53pl_9chk7pv75myc0000gn/T//SD19160.000000"

.            use "class10.dta", clear
file class10.dta not found
r(601);

end of do-file

r(601);

. do "/var/folders/f3/lm60hfk53pl_9chk7pv75myc0000gn/T//SD19160.000000"

.            use "class10.dta", clear
file class10.dta not found
r(601);

end of do-file

r(601);

. do "/var/folders/f3/lm60hfk53pl_9chk7pv75myc0000gn/T//SD19160.000000"

.         cd "/Users/arushikaushik/Desktop/Teaching/Poli:Econ5/2020/Week5/Class10
> /Data"
/Users/arushikaushik/Desktop/Teaching/Poli:Econ5/2020/Week5/Class10/Data

. 
end of do-file

. do "/var/folders/f3/lm60hfk53pl_9chk7pv75myc0000gn/T//SD19160.000000"

.            use "class10.dta", clear

. 
end of do-file

. do "/var/folders/f3/lm60hfk53pl_9chk7pv75myc0000gn/T//SD19160.000000"

.          collapse (count) id (mean) income hours age white female, by(year)

. 
end of do-file

. do "/var/folders/f3/lm60hfk53pl_9chk7pv75myc0000gn/T//SD19160.000000"

.         cd "/Users/arushikaushik/Desktop/Teaching/Poli:Econ5/2020/Week5/Class10
> /Data"
/Users/arushikaushik/Desktop/Teaching/Poli:Econ5/2020/Week5/Class10/Data

. 
end of do-file

. do "/var/folders/f3/lm60hfk53pl_9chk7pv75myc0000gn/T//SD19160.000000"

. capture log close
